// Jest Snapshot v1, https://goo.gl/fbAQLP

exports[`ForecastContainer should render 1`] = `
<Forecast
  handleClick={[Function]}
  isLoading={true}
  weatherData={Object {}}
/>
`;
