// Jest Snapshot v1, https://goo.gl/fbAQLP

exports[`Day should render 1`] = `<Day />`;
