// Jest Snapshot v1, https://goo.gl/fbAQLP

exports[`Home should render 1`] = `
<styled.div>
  <styled.h1
    whiteFont={true}
  >
    Enter a City and State, or a ZIP Code
  </styled.h1>
  <WeatherFormContainer />
</styled.div>
`;
