// Jest Snapshot v1, https://goo.gl/fbAQLP

exports[`Button should render 1`] = `
.bZMiZE {
  font-family: "Arial";
  -webkit-text-decoration: none;
  text-decoration: none;
  background-color: #4caf50;
  color: white;
  border-radius: 5px;
  padding: .5em;
  margin: .5em;
}

<Link
  className="sc-bdVaJa bZMiZE"
  replace={false}
  to={Object {}}
/>
`;
