// Jest Snapshot v1, https://goo.gl/fbAQLP

exports[`Forecast should render 1`] = `<Forecast />`;
